Archive member included because of file (symbol)

/usr/local/Cellar/gcc-arm-none-eabi/20150925/bin/../lib/gcc/arm-none-eabi/4.9.3/armv6-m/libgcc.a(_udivsi3.o)
                              bin/adc_11xx.o (__aeabi_uidiv)
/usr/local/Cellar/gcc-arm-none-eabi/20150925/bin/../lib/gcc/arm-none-eabi/4.9.3/armv6-m/libgcc.a(_dvmd_tls.o)
                              /usr/local/Cellar/gcc-arm-none-eabi/20150925/bin/../lib/gcc/arm-none-eabi/4.9.3/armv6-m/libgcc.a(_udivsi3.o) (__aeabi_idiv0)
/usr/local/Cellar/gcc-arm-none-eabi/20150925/bin/../lib/gcc/arm-none-eabi/4.9.3/armv6-m/libgcc.a(_aeabi_uldivmod.o)
                              bin/mcp2515.o (__aeabi_uldivmod)
/usr/local/Cellar/gcc-arm-none-eabi/20150925/bin/../lib/gcc/arm-none-eabi/4.9.3/armv6-m/libgcc.a(_fixunsdfsi.o)
                              bin/mcp2515.o (__aeabi_d2uiz)
/usr/local/Cellar/gcc-arm-none-eabi/20150925/bin/../lib/gcc/arm-none-eabi/4.9.3/armv6-m/libgcc.a(bpabi.o)
                              /usr/local/Cellar/gcc-arm-none-eabi/20150925/bin/../lib/gcc/arm-none-eabi/4.9.3/armv6-m/libgcc.a(_aeabi_uldivmod.o) (__gnu_uldivmod_helper)
/usr/local/Cellar/gcc-arm-none-eabi/20150925/bin/../lib/gcc/arm-none-eabi/4.9.3/armv6-m/libgcc.a(muldf3.o)
                              bin/mcp2515.o (__aeabi_dmul)
/usr/local/Cellar/gcc-arm-none-eabi/20150925/bin/../lib/gcc/arm-none-eabi/4.9.3/armv6-m/libgcc.a(subdf3.o)
                              /usr/local/Cellar/gcc-arm-none-eabi/20150925/bin/../lib/gcc/arm-none-eabi/4.9.3/armv6-m/libgcc.a(_fixunsdfsi.o) (__aeabi_dsub)
/usr/local/Cellar/gcc-arm-none-eabi/20150925/bin/../lib/gcc/arm-none-eabi/4.9.3/armv6-m/libgcc.a(fixdfsi.o)
                              /usr/local/Cellar/gcc-arm-none-eabi/20150925/bin/../lib/gcc/arm-none-eabi/4.9.3/armv6-m/libgcc.a(_fixunsdfsi.o) (__aeabi_d2iz)
/usr/local/Cellar/gcc-arm-none-eabi/20150925/bin/../lib/gcc/arm-none-eabi/4.9.3/armv6-m/libgcc.a(floatsidf.o)
                              bin/mcp2515.o (__aeabi_i2d)
/usr/local/Cellar/gcc-arm-none-eabi/20150925/bin/../lib/gcc/arm-none-eabi/4.9.3/armv6-m/libgcc.a(_arm_cmpdf2.o)
                              /usr/local/Cellar/gcc-arm-none-eabi/20150925/bin/../lib/gcc/arm-none-eabi/4.9.3/armv6-m/libgcc.a(_fixunsdfsi.o) (__aeabi_dcmpge)
/usr/local/Cellar/gcc-arm-none-eabi/20150925/bin/../lib/gcc/arm-none-eabi/4.9.3/armv6-m/libgcc.a(_clzsi2.o)
                              /usr/local/Cellar/gcc-arm-none-eabi/20150925/bin/../lib/gcc/arm-none-eabi/4.9.3/armv6-m/libgcc.a(muldf3.o) (__clzsi2)
/usr/local/Cellar/gcc-arm-none-eabi/20150925/bin/../lib/gcc/arm-none-eabi/4.9.3/armv6-m/libgcc.a(_muldi3.o)
                              /usr/local/Cellar/gcc-arm-none-eabi/20150925/bin/../lib/gcc/arm-none-eabi/4.9.3/armv6-m/libgcc.a(bpabi.o) (__aeabi_lmul)
/usr/local/Cellar/gcc-arm-none-eabi/20150925/bin/../lib/gcc/arm-none-eabi/4.9.3/armv6-m/libgcc.a(_divdi3.o)
                              /usr/local/Cellar/gcc-arm-none-eabi/20150925/bin/../lib/gcc/arm-none-eabi/4.9.3/armv6-m/libgcc.a(bpabi.o) (__divdi3)
/usr/local/Cellar/gcc-arm-none-eabi/20150925/bin/../lib/gcc/arm-none-eabi/4.9.3/armv6-m/libgcc.a(_udivdi3.o)
                              /usr/local/Cellar/gcc-arm-none-eabi/20150925/bin/../lib/gcc/arm-none-eabi/4.9.3/armv6-m/libgcc.a(bpabi.o) (__udivdi3)
/usr/local/Cellar/gcc-arm-none-eabi/20150925/bin/../lib/gcc/arm-none-eabi/4.9.3/armv6-m/libgcc.a(eqdf2.o)
                              /usr/local/Cellar/gcc-arm-none-eabi/20150925/bin/../lib/gcc/arm-none-eabi/4.9.3/armv6-m/libgcc.a(_arm_cmpdf2.o) (__eqdf2)
/usr/local/Cellar/gcc-arm-none-eabi/20150925/bin/../lib/gcc/arm-none-eabi/4.9.3/armv6-m/libgcc.a(gedf2.o)
                              /usr/local/Cellar/gcc-arm-none-eabi/20150925/bin/../lib/gcc/arm-none-eabi/4.9.3/armv6-m/libgcc.a(_arm_cmpdf2.o) (__gedf2)
/usr/local/Cellar/gcc-arm-none-eabi/20150925/bin/../lib/gcc/arm-none-eabi/4.9.3/armv6-m/libgcc.a(ledf2.o)
                              /usr/local/Cellar/gcc-arm-none-eabi/20150925/bin/../lib/gcc/arm-none-eabi/4.9.3/armv6-m/libgcc.a(_arm_cmpdf2.o) (__ledf2)
/usr/local/Cellar/gcc-arm-none-eabi/20150925/bin/../lib/gcc/arm-none-eabi/4.9.3/armv6-m/libgcc.a(_clzdi2.o)
                              /usr/local/Cellar/gcc-arm-none-eabi/20150925/bin/../lib/gcc/arm-none-eabi/4.9.3/armv6-m/libgcc.a(_divdi3.o) (__clzdi2)
/usr/local/Cellar/gcc-arm-none-eabi/20150925/bin/../lib/gcc/arm-none-eabi/4.9.3/../../../../arm-none-eabi/lib/armv6-m/libg.a(lib_a-itoa.o)
                              bin/serial.o (itoa)
/usr/local/Cellar/gcc-arm-none-eabi/20150925/bin/../lib/gcc/arm-none-eabi/4.9.3/../../../../arm-none-eabi/lib/armv6-m/libg.a(lib_a-memcpy.o)
                              bin/ring_buffer.o (memcpy)
/usr/local/Cellar/gcc-arm-none-eabi/20150925/bin/../lib/gcc/arm-none-eabi/4.9.3/../../../../arm-none-eabi/lib/armv6-m/libg.a(lib_a-memset.o)
                              bin/ltc6804.o (memset)
[...]
Memory Configuration

Name             Origin             Length             Attributes
FLASH            0x0000000000000000 0x0000000000008000 xr
RAM              0x0000000010000100 0x0000000000001f00 xrw
*default*        0x0000000000000000 0xffffffffffffffff

Linker script and memory map

LOAD bin/startup_LPC11xx.o
LOAD bin/adc_1125.o
LOAD bin/adc_11xx.o
LOAD bin/chip_11xx.o
LOAD bin/clock_11xx.o
LOAD bin/gpio_11xx_1.o
LOAD bin/gpio_11xx_2.o
LOAD bin/gpiogroup_11xx.o
LOAD bin/i2c_11xx.o
LOAD bin/iocon_11xx.o
LOAD bin/pinint_11xx.o
LOAD bin/pmu_11xx.o
LOAD bin/ring_buffer.o
LOAD bin/ssp_11xx.o
LOAD bin/sysctl_11xx.o
LOAD bin/sysinit_11xx.o
LOAD bin/timer_11xx.o
LOAD bin/uart_11xx.o
LOAD bin/wwdt_11xx.o
LOAD bin/a123mbb.o
LOAD bin/brusa.o
LOAD bin/can.o
LOAD bin/lc1024.o
LOAD bin/ltc6804.o
LOAD bin/mcp2515.o
LOAD bin/util.o
LOAD bin/main.o
LOAD bin/serial.o
LOAD bin/sysinit.o
LOAD bin/MY17_Can_Library.o
LOAD bin/MY17_Can_Library_Test.o
LOAD bin/evil_macros.o
START GROUP
LOAD /usr/local/Cellar/gcc-arm-none-eabi/20150925/bin/../lib/gcc/arm-none-eabi/4.9.3/armv6-m/libgcc.a
LOAD /usr/local/Cellar/gcc-arm-none-eabi/20150925/bin/../lib/gcc/arm-none-eabi/4.9.3/../../../../arm-none-eabi/lib/armv6-m/libg.a
LOAD /usr/local/Cellar/gcc-arm-none-eabi/20150925/bin/../lib/gcc/arm-none-eabi/4.9.3/../../../../arm-none-eabi/lib/armv6-m/libc.a
END GROUP

.text           0x0000000000000000      0x634
 *(.isr_vector)
 .isr_vector    0x0000000000000000       0xe0 bin/startup_LPC11xx.o
                0x0000000000000000                __isr_vector
                0x00000000000000c0                Reset_Handler
 *(.text*)
 .text          0x00000000000000e0        0xc bin/startup_LPC11xx.o
                0x00000000000000e0                NMI_Handler
                0x00000000000000e2                HardFault_Handler
                0x00000000000000e4                SVC_Handler
                0x00000000000000e6                PendSV_Handler
                0x00000000000000ea                PIOINT1_IRQHandler
                0x00000000000000ea                SSP0_IRQHandler
                0x00000000000000ea                TIMER16_1_IRQHandler
                0x00000000000000ea                Default_Handler
                0x00000000000000ea                ADC_IRQHandler
                0x00000000000000ea                SSP1_IRQHandler
                0x00000000000000ea                PIOINT2_IRQHandler
                0x00000000000000ea                BOD_IRQHandler
                0x00000000000000ea                WAKEUP_IRQHandler
                0x00000000000000ea                PIOINT0_IRQHandler
                0x00000000000000ea                I2C_IRQHandler
                0x00000000000000ea                WDT_IRQHandler
                0x00000000000000ea                TIMER16_0_IRQHandler
                0x00000000000000ea                PIOINT3_IRQHandler
                0x00000000000000ea                UART_IRQHandler
                0x00000000000000ea                TIMER32_0_IRQHandler
                0x00000000000000ea                TIMER32_1_IRQHandler
 .text.SystemCoreClockUpdate
                0x00000000000000ec       0x10 bin/chip_11xx.o
                0x00000000000000ec                SystemCoreClockUpdate
 .text.Chip_Clock_GetSystemPLLOutClockRate
                0x00000000000000fc       0x40 bin/clock_11xx.o
                0x00000000000000fc                Chip_Clock_GetSystemPLLOutClockRate
 .text.Chip_Clock_GetMainClockRate
                0x000000000000013c       0x5c bin/clock_11xx.o
                0x000000000000013c                Chip_Clock_GetMainClockRate
 .text.Chip_Clock_GetSystemClockRate
                0x0000000000000198       0x14 bin/clock_11xx.o
                0x0000000000000198                Chip_Clock_GetSystemClockRate
 .text.Chip_UART_Init
                0x00000000000001ac       0x28 bin/uart_11xx.o
                0x00000000000001ac                Chip_UART_Init
 .text.Chip_UART_SendBlocking
                0x00000000000001d4       0x2c bin/uart_11xx.o
                0x00000000000001d4                Chip_UART_SendBlocking
 .text.Chip_UART_SetBaud
                0x0000000000000200       0x38 bin/uart_11xx.o
                0x0000000000000200                Chip_UART_SetBaud
 .text.CAN_IRQHandler
                0x0000000000000238       0x14 bin/can.o
                0x0000000000000238                CAN_IRQHandler
 .text.SysTick_Handler
                0x000000000000024c       0x10 bin/main.o
                0x000000000000024c                SysTick_Handler
 .text.startup.main
                0x000000000000025c       0xec bin/main.o
                0x000000000000025c                main
 .text.Serial_Init
                0x0000000000000348       0x38 bin/serial.o
                0x0000000000000348                Serial_Init
 .text.Serial_Print
                0x0000000000000380       0x18 bin/serial.o
                0x0000000000000380                Serial_Print
 .text.Serial_Println
                0x0000000000000398       0x18 bin/serial.o
                0x0000000000000398                Serial_Println
 .text.SystemInit
                0x00000000000003b0       0x7c bin/sysinit.o
                0x00000000000003b0                SystemInit
 .text          0x000000000000042c      0x120 /usr/local/Cellar/gcc-arm-none-eabi/20150925/bin/../lib/gcc/arm-none-eabi/4.9.3/armv6-m/libgcc.a(_udivsi3.o)
                0x000000000000042c                __udivsi3
                0x000000000000042c                __aeabi_uidiv
                0x0000000000000538                __aeabi_uidivmod
 .text          0x000000000000054c        0x4 /usr/local/Cellar/gcc-arm-none-eabi/20150925/bin/../lib/gcc/arm-none-eabi/4.9.3/armv6-m/libgcc.a(_dvmd_tls.o)
                0x000000000000054c                __aeabi_ldiv0
                0x000000000000054c                __aeabi_idiv0
 .text.strlen   0x0000000000000550       0x68 /usr/local/Cellar/gcc-arm-none-eabi/20150925/bin/../lib/gcc/arm-none-eabi/4.9.3/../../../../arm-none-eabi/lib/armv6-m/libg.a(lib_a-strlen.o)
                0x0000000000000550                strlen
 *(.init)
 *(.fini)
 *crtbegin.o(.ctors)
 *crtbegin?.o(.ctors)
 *(EXCLUDE_FILE(*crtend.o *crtend?.o) .ctors)
 *(SORT(.ctors.*))
 *(.ctors)
 *crtbegin.o(.dtors)
 *crtbegin?.o(.dtors)
 *(EXCLUDE_FILE(*crtend.o *crtend?.o) .dtors)
 *(SORT(.dtors.*))
 *(.dtors)
 *(.rodata*)
 .rodata.wdtOSCRate
                0x00000000000005b8       0x40 bin/clock_11xx.o
 .rodata.OscRateIn
                0x00000000000005f8        0x4 bin/main.o
                0x00000000000005f8                OscRateIn
 .rodata.str1.4
                0x00000000000005fc       0x32 bin/main.o
 *fill*         0x000000000000062e        0x2 
 .rodata.str1.4
                0x0000000000000630        0x4 bin/serial.o
                                          0x3 (size before relaxing)
 *(.eh_frame*)

.glue_7         0x0000000000000634        0x0
 .glue_7        0x0000000000000000        0x0 linker stubs

.glue_7t        0x0000000000000634        0x0
 .glue_7t       0x0000000000000000        0x0 linker stubs

.vfp11_veneer   0x0000000000000634        0x0
 .vfp11_veneer  0x0000000000000000        0x0 linker stubs

.v4_bx          0x0000000000000634        0x0
 .v4_bx         0x0000000000000000        0x0 linker stubs

.iplt           0x0000000000000634        0x0
 .iplt          0x0000000000000000        0x0 bin/startup_LPC11xx.o

.ARM.extab
 *(.ARM.extab* .gnu.linkonce.armextab.*)
                0x0000000000000634                __exidx_start = .

.ARM.exidx      0x0000000000000634        0x8
 *(.ARM.exidx* .gnu.linkonce.armexidx.*)
 .ARM.exidx.isr_vector
                0x0000000000000634        0x8 bin/startup_LPC11xx.o
                0x000000000000063c                __exidx_end = .
                0x000000000000063c                __etext = .

.rel.dyn        0x000000000000063c        0x0
 .rel.iplt      0x0000000000000000        0x0 bin/startup_LPC11xx.o

.data           0x0000000010000100        0x0 load address 0x000000000000063c
                0x0000000010000100                __data_start__ = .
 *(vtable)
 *(.data*)
                0x0000000010000100                . = ALIGN (0x4)
                0x0000000010000100                PROVIDE (__preinit_array_start, .)
 *(.preinit_array)
                0x0000000010000100                PROVIDE (__preinit_array_end, .)
                0x0000000010000100                . = ALIGN (0x4)
                0x0000000010000100                PROVIDE (__init_array_start, .)
 *(SORT(.init_array.*))
 *(.init_array)
                0x0000000010000100                PROVIDE (__init_array_end, .)
                0x0000000010000100                . = ALIGN (0x4)
                0x0000000010000100                PROVIDE (__fini_array_start, .)
 *(SORT(.fini_array.*))
 *(.fini_array)
                0x0000000010000100                PROVIDE (__fini_array_end, .)
 *(.jcr*)
                0x0000000010000100                . = ALIGN (0x4)
                0x0000000010000100                __data_end__ = .

.igot.plt       0x0000000010000100        0x0
 .igot.plt      0x0000000000000000        0x0 bin/startup_LPC11xx.o

.bss            0x0000000010000100        0xc
                0x0000000010000100                . = ALIGN (0x4)
                0x0000000010000100                __bss_start__ = .
 *(.bss*)
 *(COMMON)
 COMMON         0x0000000010000100        0x4 bin/chip_11xx.o
                0x0000000010000100                SystemCoreClock
 COMMON         0x0000000010000104        0x4 bin/main.o
                0x0000000010000104                msTicks
 COMMON         0x0000000010000108        0x4 bin/sysinit.o
                0x0000000010000108                TicksPerMS
                0x000000001000010c                . = ALIGN (0x4)
                0x000000001000010c                __bss_end__ = .

.heap           0x000000001000010c        0x0
                0x000000001000010c                __end__ = .
                0x000000001000010c                PROVIDE (end, .)
 *(.heap*)
                0x000000001000010c                __HeapLimit = .

.stack_dummy    0x0000000010000110      0x200
 *(.stack*)
 .stack         0x0000000010000110      0x200 bin/startup_LPC11xx.o
                0x0000000010002000                __StackTop = (ORIGIN (RAM) + 0x1f00)
                0x0000000010001e00                __StackLimit = (__StackTop - SIZEOF (.stack_dummy))
                0x0000000010002000                PROVIDE (__stack, __StackTop)
                0x0000000000000001                ASSERT ((__StackLimit >= __HeapLimit), region RAM overflowed with stack)
OUTPUT(bin/can-node.elf elf32-littlearm)

.ARM.attributes
                0x0000000000000000       0x2d
 .ARM.attributes
                0x0000000000000000       0x21 bin/startup_LPC11xx.o
 .ARM.attributes
                0x0000000000000021       0x31 bin/chip_11xx.o
 .ARM.attributes
                0x0000000000000052       0x31 bin/clock_11xx.o
 .ARM.attributes
                0x0000000000000083       0x31 bin/uart_11xx.o
 .ARM.attributes
                0x00000000000000b4       0x31 bin/can.o
 .ARM.attributes
                0x00000000000000e5       0x31 bin/main.o
 .ARM.attributes
                0x0000000000000116       0x31 bin/serial.o
 .ARM.attributes
                0x0000000000000147       0x31 bin/sysinit.o
 .ARM.attributes
                0x0000000000000178       0x1e /usr/local/Cellar/gcc-arm-none-eabi/20150925/bin/../lib/gcc/arm-none-eabi/4.9.3/armv6-m/libgcc.a(_udivsi3.o)
 .ARM.attributes
                0x0000000000000196       0x1e /usr/local/Cellar/gcc-arm-none-eabi/20150925/bin/../lib/gcc/arm-none-eabi/4.9.3/armv6-m/libgcc.a(_dvmd_tls.o)
 .ARM.attributes
                0x00000000000001b4       0x2c /usr/local/Cellar/gcc-arm-none-eabi/20150925/bin/../lib/gcc/arm-none-eabi/4.9.3/../../../../arm-none-eabi/lib/armv6-m/libg.a(lib_a-strlen.o)

.comment        0x0000000000000000       0x70
 .comment       0x0000000000000000       0x70 bin/chip_11xx.o
                                         0x71 (size before relaxing)
 .comment       0x0000000000000000       0x71 bin/clock_11xx.o
 .comment       0x0000000000000000       0x71 bin/uart_11xx.o
 .comment       0x0000000000000000       0x71 bin/can.o
 .comment       0x0000000000000000       0x71 bin/main.o
 .comment       0x0000000000000000       0x71 bin/serial.o
 .comment       0x0000000000000000       0x71 bin/sysinit.o

.debug_line     0x0000000000000000     0x225a
 .debug_line    0x0000000000000000       0x91 bin/startup_LPC11xx.o
 .debug_line    0x0000000000000091      0x385 bin/chip_11xx.o
 .debug_line    0x0000000000000416      0x4a4 bin/clock_11xx.o
 .debug_line    0x00000000000008ba      0x6c2 bin/uart_11xx.o
 .debug_line    0x0000000000000f7c      0x66a bin/can.o
 .debug_line    0x00000000000015e6      0x428 bin/main.o
 .debug_line    0x0000000000001a0e      0x4ac bin/serial.o
 .debug_line    0x0000000000001eba      0x3a0 bin/sysinit.o

.debug_info     0x0000000000000000     0x4d4a
 .debug_info    0x0000000000000000       0x8b bin/startup_LPC11xx.o
 .debug_info    0x000000000000008b       0xe7 bin/chip_11xx.o
 .debug_info    0x0000000000000172      0x978 bin/clock_11xx.o
 .debug_info    0x0000000000000aea     0x13a4 bin/uart_11xx.o
 .debug_info    0x0000000000001e8e     0x1835 bin/can.o
 .debug_info    0x00000000000036c3      0x94e bin/main.o
 .debug_info    0x0000000000004011      0x823 bin/serial.o
 .debug_info    0x0000000000004834      0x516 bin/sysinit.o

.debug_abbrev   0x0000000000000000     0x1120
 .debug_abbrev  0x0000000000000000       0x12 bin/startup_LPC11xx.o
 .debug_abbrev  0x0000000000000012       0x9b bin/chip_11xx.o
 .debug_abbrev  0x00000000000000ad      0x295 bin/clock_11xx.o
 .debug_abbrev  0x0000000000000342      0x3a1 bin/uart_11xx.o
 .debug_abbrev  0x00000000000006e3      0x414 bin/can.o
 .debug_abbrev  0x0000000000000af7      0x2fe bin/main.o
 .debug_abbrev  0x0000000000000df5      0x26c bin/serial.o
 .debug_abbrev  0x0000000000001061       0xbf bin/sysinit.o

.debug_aranges  0x0000000000000000      0x260
 .debug_aranges
                0x0000000000000000       0x28 bin/startup_LPC11xx.o
 .debug_aranges
                0x0000000000000028       0x20 bin/chip_11xx.o
 .debug_aranges
                0x0000000000000048       0x68 bin/clock_11xx.o
 .debug_aranges
                0x00000000000000b0       0x80 bin/uart_11xx.o
 .debug_aranges
                0x0000000000000130       0xa0 bin/can.o
 .debug_aranges
                0x00000000000001d0       0x28 bin/main.o
 .debug_aranges
                0x00000000000001f8       0x48 bin/serial.o
 .debug_aranges
                0x0000000000000240       0x20 bin/sysinit.o

.debug_ranges   0x0000000000000000      0x5e0
 .debug_ranges  0x0000000000000000       0x20 bin/startup_LPC11xx.o
 .debug_ranges  0x0000000000000020       0x10 bin/chip_11xx.o
 .debug_ranges  0x0000000000000030       0xa0 bin/clock_11xx.o
 .debug_ranges  0x00000000000000d0      0x298 bin/uart_11xx.o
 .debug_ranges  0x0000000000000368      0x130 bin/can.o
 .debug_ranges  0x0000000000000498       0xe0 bin/main.o
 .debug_ranges  0x0000000000000578       0x58 bin/serial.o
 .debug_ranges  0x00000000000005d0       0x10 bin/sysinit.o

.debug_macro    0x0000000000000000      0xe67
 .debug_macro   0x0000000000000000      0x160 bin/chip_11xx.o
 .debug_macro   0x0000000000000160      0x160 bin/clock_11xx.o
 .debug_macro   0x00000000000002c0      0x160 bin/uart_11xx.o
 .debug_macro   0x0000000000000420      0x21e bin/can.o
 .debug_macro   0x000000000000063e      0x16a bin/main.o
 .debug_macro   0x00000000000007a8       0x73 bin/main.o
 .debug_macro   0x000000000000081b      0x240 bin/serial.o
 .debug_macro   0x0000000000000a5b       0x16 bin/serial.o
 .debug_macro   0x0000000000000a71      0x10e bin/serial.o
 .debug_macro   0x0000000000000b7f       0x7f bin/serial.o
 .debug_macro   0x0000000000000bfe       0x16 bin/serial.o
 .debug_macro   0x0000000000000c14       0x29 bin/serial.o
 .debug_macro   0x0000000000000c3d       0x16 bin/serial.o
 .debug_macro   0x0000000000000c53      0x214 bin/sysinit.o

.debug_str      0x0000000000000000     0xb536
 .debug_str     0x0000000000000000     0x70a1 bin/chip_11xx.o
                                       0x726e (size before relaxing)
 .debug_str     0x00000000000070a1      0x7e4 bin/clock_11xx.o
                                       0x7a14 (size before relaxing)
 .debug_str     0x0000000000007885      0x574 bin/uart_11xx.o
                                       0x7a38 (size before relaxing)
 .debug_str     0x0000000000007df9     0x2f29 bin/can.o
                                       0xa6e3 (size before relaxing)
 .debug_str     0x000000000000ad22      0x3c1 bin/main.o
                                       0x7849 (size before relaxing)
 .debug_str     0x000000000000b0e3      0x15e bin/serial.o
                                       0x9b99 (size before relaxing)
 .debug_str     0x000000000000b241      0x2f5 bin/sysinit.o
                                       0x77a0 (size before relaxing)

.debug_frame    0x0000000000000000      0x614
 .debug_frame   0x0000000000000000       0x2c bin/chip_11xx.o
 .debug_frame   0x000000000000002c       0xd8 bin/clock_11xx.o
 .debug_frame   0x0000000000000104      0x1c8 bin/uart_11xx.o
 .debug_frame   0x00000000000002cc      0x1d0 bin/can.o
 .debug_frame   0x000000000000049c       0x54 bin/main.o
 .debug_frame   0x00000000000004f0       0xbc bin/serial.o
 .debug_frame   0x00000000000005ac       0x20 bin/sysinit.o
 .debug_frame   0x00000000000005cc       0x20 /usr/local/Cellar/gcc-arm-none-eabi/20150925/bin/../lib/gcc/arm-none-eabi/4.9.3/armv6-m/libgcc.a(_udivsi3.o)
 .debug_frame   0x00000000000005ec       0x28 /usr/local/Cellar/gcc-arm-none-eabi/20150925/bin/../lib/gcc/arm-none-eabi/4.9.3/../../../../arm-none-eabi/lib/armv6-m/libg.a(lib_a-strlen.o)

.debug_loc      0x0000000000000000     0x15ea
 .debug_loc     0x0000000000000000      0x16e bin/clock_11xx.o
 .debug_loc     0x000000000000016e      0xcb3 bin/uart_11xx.o
 .debug_loc     0x0000000000000e21      0x5e1 bin/can.o
 .debug_loc     0x0000000000001402       0x34 bin/main.o
 .debug_loc     0x0000000000001436      0x1b4 bin/serial.o

Cross Reference Table

Symbol                                            File
ADC_IRQHandler                                    bin/startup_LPC11xx.o
BOD_IRQHandler                                    bin/startup_LPC11xx.o
Baudrate_Calculate                                bin/can.o
Brusa_CheckErr                                    bin/brusa.o
Brusa_CheckOn                                     bin/brusa.o
Brusa_Decode                                      bin/brusa.o
Brusa_DecodeActI                                  bin/brusa.o
Brusa_DecodeActII                                 bin/brusa.o
Brusa_DecodeErr                                   bin/brusa.o
Brusa_DecodeStatus                                bin/brusa.o
Brusa_DecodeTemp                                  bin/brusa.o
Brusa_MakeCTL                                     bin/brusa.o
CAN_GetErrorStatus                                bin/can.o
CAN_GetRxErrorCount                               bin/can.o
CAN_GetTxErrorCount                               bin/can.o
CAN_IRQHandler                                    bin/can.o
                                                  bin/startup_LPC11xx.o
CAN_Init                                          bin/can.o
                                                  bin/MY17_Can_Library.o
CAN_IsTxBusy                                      bin/can.o
CAN_Receive                                       bin/can.o
                                                  bin/MY17_Can_Library.o
CAN_ResetPeripheral                               bin/can.o
CAN_SetMask1                                      bin/can.o
CAN_SetMask2                                      bin/can.o
CAN_Transmit                                      bin/can.o
                                                  bin/MY17_Can_Library.o
CAN_TransmitMsgObj                                bin/can.o
CAN_error                                         bin/can.o
CAN_rx                                            bin/can.o
CAN_tx                                            bin/can.o
Can_All_Tests                                     bin/MY17_Can_Library_Test.o
Can_BinaryPrint                                   bin/MY17_Can_Library_Test.o
Can_Bms_CellTemps_FromCan                         bin/MY17_Can_Library.o
                                                  bin/MY17_Can_Library_Test.o
Can_Bms_CellTemps_Read                            bin/MY17_Can_Library.o
Can_Bms_CellTemps_Test                            bin/MY17_Can_Library_Test.o
Can_Bms_CellTemps_ToCan                           bin/MY17_Can_Library.o
                                                  bin/MY17_Can_Library_Test.o
Can_Bms_CellTemps_Write                           bin/MY17_Can_Library.o
Can_Bms_Error_FromCan                             bin/MY17_Can_Library.o
                                                  bin/MY17_Can_Library_Test.o
Can_Bms_Error_Read                                bin/MY17_Can_Library.o
Can_Bms_Error_Test                                bin/MY17_Can_Library_Test.o
Can_Bms_Error_ToCan                               bin/MY17_Can_Library.o
                                                  bin/MY17_Can_Library_Test.o
Can_Bms_Error_Write                               bin/MY17_Can_Library.o
Can_Bms_Heartbeat_FromCan                         bin/MY17_Can_Library.o
                                                  bin/MY17_Can_Library_Test.o
Can_Bms_Heartbeat_Read                            bin/MY17_Can_Library.o
Can_Bms_Heartbeat_Test                            bin/MY17_Can_Library_Test.o
Can_Bms_Heartbeat_ToCan                           bin/MY17_Can_Library.o
                                                  bin/MY17_Can_Library_Test.o
Can_Bms_Heartbeat_Write                           bin/MY17_Can_Library.o
Can_Bms_PackStatus_FromCan                        bin/MY17_Can_Library.o
                                                  bin/MY17_Can_Library_Test.o
Can_Bms_PackStatus_Read                           bin/MY17_Can_Library.o
Can_Bms_PackStatus_Test                           bin/MY17_Can_Library_Test.o
Can_Bms_PackStatus_ToCan                          bin/MY17_Can_Library.o
                                                  bin/MY17_Can_Library_Test.o
Can_Bms_PackStatus_Write                          bin/MY17_Can_Library.o
Can_CurrentSensor_Current_FromCan                 bin/MY17_Can_Library.o
                                                  bin/MY17_Can_Library_Test.o
Can_CurrentSensor_Current_Read                    bin/MY17_Can_Library.o
Can_CurrentSensor_Current_Test                    bin/MY17_Can_Library_Test.o
Can_CurrentSensor_Current_ToCan                   bin/MY17_Can_Library.o
                                                  bin/MY17_Can_Library_Test.o
Can_CurrentSensor_Current_Write                   bin/MY17_Can_Library.o
Can_CurrentSensor_Energy_FromCan                  bin/MY17_Can_Library.o
                                                  bin/MY17_Can_Library_Test.o
Can_CurrentSensor_Energy_Read                     bin/MY17_Can_Library.o
Can_CurrentSensor_Energy_Test                     bin/MY17_Can_Library_Test.o
Can_CurrentSensor_Energy_ToCan                    bin/MY17_Can_Library.o
                                                  bin/MY17_Can_Library_Test.o
Can_CurrentSensor_Energy_Write                    bin/MY17_Can_Library.o
Can_CurrentSensor_Power_FromCan                   bin/MY17_Can_Library.o
                                                  bin/MY17_Can_Library_Test.o
Can_CurrentSensor_Power_Read                      bin/MY17_Can_Library.o
Can_CurrentSensor_Power_Test                      bin/MY17_Can_Library_Test.o
Can_CurrentSensor_Power_ToCan                     bin/MY17_Can_Library.o
                                                  bin/MY17_Can_Library_Test.o
Can_CurrentSensor_Power_Write                     bin/MY17_Can_Library.o
Can_CurrentSensor_Voltage_FromCan                 bin/MY17_Can_Library.o
                                                  bin/MY17_Can_Library_Test.o
Can_CurrentSensor_Voltage_Read                    bin/MY17_Can_Library.o
Can_CurrentSensor_Voltage_Test                    bin/MY17_Can_Library_Test.o
Can_CurrentSensor_Voltage_ToCan                   bin/MY17_Can_Library.o
                                                  bin/MY17_Can_Library_Test.o
Can_CurrentSensor_Voltage_Write                   bin/MY17_Can_Library.o
Can_Dash_Heartbeat_FromCan                        bin/MY17_Can_Library.o
                                                  bin/MY17_Can_Library_Test.o
Can_Dash_Heartbeat_Read                           bin/MY17_Can_Library.o
Can_Dash_Heartbeat_Test                           bin/MY17_Can_Library_Test.o
Can_Dash_Heartbeat_ToCan                          bin/MY17_Can_Library.o
                                                  bin/MY17_Can_Library_Test.o
Can_Dash_Heartbeat_Write                          bin/MY17_Can_Library.o
Can_Dash_Request_FromCan                          bin/MY17_Can_Library.o
                                                  bin/MY17_Can_Library_Test.o
Can_Dash_Request_Read                             bin/MY17_Can_Library.o
Can_Dash_Request_Test                             bin/MY17_Can_Library_Test.o
Can_Dash_Request_ToCan                            bin/MY17_Can_Library.o
                                                  bin/MY17_Can_Library_Test.o
Can_Dash_Request_Write                            bin/MY17_Can_Library.o
Can_Error_Read                                    bin/MY17_Can_Library.o
Can_FrontCanNode_DriverOutput_FromCan             bin/MY17_Can_Library.o
                                                  bin/MY17_Can_Library_Test.o
Can_FrontCanNode_DriverOutput_Read                bin/MY17_Can_Library.o
Can_FrontCanNode_DriverOutput_Test                bin/MY17_Can_Library_Test.o
Can_FrontCanNode_DriverOutput_ToCan               bin/MY17_Can_Library.o
                                                  bin/MY17_Can_Library_Test.o
Can_FrontCanNode_DriverOutput_Write               bin/MY17_Can_Library.o
Can_FrontCanNode_RawValues_FromCan                bin/MY17_Can_Library.o
                                                  bin/MY17_Can_Library_Test.o
Can_FrontCanNode_RawValues_Read                   bin/MY17_Can_Library.o
Can_FrontCanNode_RawValues_Test                   bin/MY17_Can_Library_Test.o
Can_FrontCanNode_RawValues_ToCan                  bin/MY17_Can_Library.o
                                                  bin/MY17_Can_Library_Test.o
Can_FrontCanNode_RawValues_Write                  bin/MY17_Can_Library.o
Can_FrontCanNode_WheelSpeed_FromCan               bin/MY17_Can_Library.o
                                                  bin/MY17_Can_Library_Test.o
Can_FrontCanNode_WheelSpeed_Read                  bin/MY17_Can_Library.o
Can_FrontCanNode_WheelSpeed_Test                  bin/MY17_Can_Library_Test.o
Can_FrontCanNode_WheelSpeed_ToCan                 bin/MY17_Can_Library.o
                                                  bin/MY17_Can_Library_Test.o
Can_FrontCanNode_WheelSpeed_Write                 bin/MY17_Can_Library.o
Can_Init                                          bin/MY17_Can_Library.o
Can_MC_DataReading_FromCan                        bin/MY17_Can_Library.o
                                                  bin/MY17_Can_Library_Test.o
Can_MC_DataReading_Read                           bin/MY17_Can_Library.o
Can_MC_DataReading_Test                           bin/MY17_Can_Library_Test.o
Can_MC_DataReading_ToCan                          bin/MY17_Can_Library.o
                                                  bin/MY17_Can_Library_Test.o
Can_MC_DataReading_Write                          bin/MY17_Can_Library.o
Can_MC_ErrorAndWarning_FromCan                    bin/MY17_Can_Library.o
                                                  bin/MY17_Can_Library_Test.o
Can_MC_ErrorAndWarning_Read                       bin/MY17_Can_Library.o
Can_MC_ErrorAndWarning_Test                       bin/MY17_Can_Library_Test.o
Can_MC_ErrorAndWarning_ToCan                      bin/MY17_Can_Library.o
                                                  bin/MY17_Can_Library_Test.o
Can_MC_ErrorAndWarning_Write                      bin/MY17_Can_Library.o
Can_MC_State_FromCan                              bin/MY17_Can_Library.o
                                                  bin/MY17_Can_Library_Test.o
Can_MC_State_Read                                 bin/MY17_Can_Library.o
Can_MC_State_Test                                 bin/MY17_Can_Library_Test.o
Can_MC_State_ToCan                                bin/MY17_Can_Library.o
                                                  bin/MY17_Can_Library_Test.o
Can_MC_State_Write                                bin/MY17_Can_Library.o
Can_MsgType                                       bin/MY17_Can_Library.o
Can_RawRead                                       bin/MY17_Can_Library.o
Can_RawWrite                                      bin/MY17_Can_Library.o
Can_RearCanNode_Heartbeat_FromCan                 bin/MY17_Can_Library.o
                                                  bin/MY17_Can_Library_Test.o
Can_RearCanNode_Heartbeat_Read                    bin/MY17_Can_Library.o
Can_RearCanNode_Heartbeat_Test                    bin/MY17_Can_Library_Test.o
Can_RearCanNode_Heartbeat_ToCan                   bin/MY17_Can_Library.o
                                                  bin/MY17_Can_Library_Test.o
Can_RearCanNode_Heartbeat_Write                   bin/MY17_Can_Library.o
Can_RearCanNode_WheelSpeed_FromCan                bin/MY17_Can_Library.o
                                                  bin/MY17_Can_Library_Test.o
Can_RearCanNode_WheelSpeed_Read                   bin/MY17_Can_Library.o
Can_RearCanNode_WheelSpeed_Test                   bin/MY17_Can_Library_Test.o
Can_RearCanNode_WheelSpeed_ToCan                  bin/MY17_Can_Library.o
                                                  bin/MY17_Can_Library_Test.o
Can_RearCanNode_WheelSpeed_Write                  bin/MY17_Can_Library.o
Can_Unknown_Read                                  bin/MY17_Can_Library.o
Can_Vcu_BmsHeartbeat_FromCan                      bin/MY17_Can_Library.o
                                                  bin/MY17_Can_Library_Test.o
Can_Vcu_BmsHeartbeat_Read                         bin/MY17_Can_Library.o
Can_Vcu_BmsHeartbeat_Test                         bin/MY17_Can_Library_Test.o
Can_Vcu_BmsHeartbeat_ToCan                        bin/MY17_Can_Library.o
                                                  bin/MY17_Can_Library_Test.o
Can_Vcu_BmsHeartbeat_Write                        bin/MY17_Can_Library.o
Can_Vcu_DashHeartbeat_FromCan                     bin/MY17_Can_Library.o
                                                  bin/MY17_Can_Library_Test.o
Can_Vcu_DashHeartbeat_Read                        bin/MY17_Can_Library.o
Can_Vcu_DashHeartbeat_Test                        bin/MY17_Can_Library_Test.o
Can_Vcu_DashHeartbeat_ToCan                       bin/MY17_Can_Library.o
                                                  bin/MY17_Can_Library_Test.o
Can_Vcu_DashHeartbeat_Write                       bin/MY17_Can_Library.o
Can_Vcu_MCRequest_FromCan                         bin/MY17_Can_Library.o
                                                  bin/MY17_Can_Library_Test.o
Can_Vcu_MCRequest_Read                            bin/MY17_Can_Library.o
Can_Vcu_MCRequest_Test                            bin/MY17_Can_Library_Test.o
Can_Vcu_MCRequest_ToCan                           bin/MY17_Can_Library.o
                                                  bin/MY17_Can_Library_Test.o
Can_Vcu_MCRequest_Write                           bin/MY17_Can_Library.o
Can_Vcu_MCTorque_FromCan                          bin/MY17_Can_Library.o
                                                  bin/MY17_Can_Library_Test.o
Can_Vcu_MCTorque_Read                             bin/MY17_Can_Library.o
Can_Vcu_MCTorque_Test                             bin/MY17_Can_Library_Test.o
Can_Vcu_MCTorque_ToCan                            bin/MY17_Can_Library.o
                                                  bin/MY17_Can_Library_Test.o
Can_Vcu_MCTorque_Write                            bin/MY17_Can_Library.o
Chip_ADC_DeInit                                   bin/adc_11xx.o
Chip_ADC_EnableChannel                            bin/adc_11xx.o
Chip_ADC_Init                                     bin/adc_11xx.o
Chip_ADC_Int_SetChannelCmd                        bin/adc_11xx.o
Chip_ADC_ReadByte                                 bin/adc_11xx.o
Chip_ADC_ReadStatus                               bin/adc_11xx.o
Chip_ADC_ReadValue                                bin/adc_11xx.o
Chip_ADC_SetBurstCmd                              bin/adc_11xx.o
Chip_ADC_SetResolution                            bin/adc_11xx.o
Chip_ADC_SetSampleRate                            bin/adc_11xx.o
Chip_ADC_SetStartMode                             bin/adc_11xx.o
Chip_Clock_GetMainClockRate                       bin/clock_11xx.o
                                                  bin/can.o
                                                  bin/uart_11xx.o
                                                  bin/ssp_11xx.o
Chip_Clock_GetSystemClockRate                     bin/clock_11xx.o
                                                  bin/chip_11xx.o
                                                  bin/adc_11xx.o
Chip_Clock_GetSystemPLLInClockRate                bin/clock_11xx.o
Chip_Clock_GetSystemPLLOutClockRate               bin/clock_11xx.o
Chip_Clock_GetWDTOSCRate                          bin/clock_11xx.o
Chip_Clock_SetCLKOUTSource                        bin/clock_11xx.o
Chip_Clock_SetMainClockSource                     bin/clock_11xx.o
                                                  bin/sysinit_11xx.o
Chip_Clock_SetPLLBypass                           bin/clock_11xx.o
Chip_Clock_SetSystemPLLSource                     bin/clock_11xx.o
                                                  bin/sysinit_11xx.o
Chip_Clock_SetWDTClockSource                      bin/clock_11xx.o
Chip_GPIO_DeInit                                  bin/gpio_11xx_2.o
Chip_GPIO_Init                                    bin/gpio_11xx_2.o
Chip_GPIO_SetDir                                  bin/gpio_11xx_2.o
Chip_GPIO_SetPinDIR                               bin/gpio_11xx_2.o
Chip_GPIO_SetPortDIR                              bin/gpio_11xx_2.o
Chip_GPIO_SetupPinInt                             bin/gpio_11xx_2.o
Chip_GPIO_WriteDirBit                             bin/gpio_11xx_2.o
                                                  bin/mcp2515.o
                                                  bin/ltc6804.o
                                                  bin/lc1024.o
Chip_I2C_DeInit                                   bin/i2c_11xx.o
Chip_I2C_Disable                                  bin/i2c_11xx.o
Chip_I2C_EventHandler                             bin/i2c_11xx.o
Chip_I2C_EventHandlerPolling                      bin/i2c_11xx.o
Chip_I2C_GetClockRate                             bin/i2c_11xx.o
Chip_I2C_GetMasterEventHandler                    bin/i2c_11xx.o
Chip_I2C_Init                                     bin/i2c_11xx.o
Chip_I2C_IsMasterActive                           bin/i2c_11xx.o
Chip_I2C_IsStateChanged                           bin/i2c_11xx.o
Chip_I2C_MasterCmdRead                            bin/i2c_11xx.o
Chip_I2C_MasterRead                               bin/i2c_11xx.o
Chip_I2C_MasterSend                               bin/i2c_11xx.o
Chip_I2C_MasterStateHandler                       bin/i2c_11xx.o
Chip_I2C_MasterTransfer                           bin/i2c_11xx.o
Chip_I2C_SetClockRate                             bin/i2c_11xx.o
Chip_I2C_SetMasterEventHandler                    bin/i2c_11xx.o
Chip_I2C_SlaveSetup                               bin/i2c_11xx.o
Chip_I2C_SlaveStateHandler                        bin/i2c_11xx.o
Chip_PMU_DeepPowerDownState                       bin/pmu_11xx.o
Chip_PMU_Sleep                                    bin/pmu_11xx.o
Chip_PMU_SleepState                               bin/pmu_11xx.o
Chip_SSP_DeInit                                   bin/ssp_11xx.o
Chip_SSP_Init                                     bin/ssp_11xx.o
                                                  bin/ltc6804.o
                                                  bin/lc1024.o
Chip_SSP_Int_FlushData                            bin/ssp_11xx.o
Chip_SSP_Int_RWFrames16Bits                       bin/ssp_11xx.o
Chip_SSP_Int_RWFrames8Bits                        bin/ssp_11xx.o
Chip_SSP_RWFrames_Blocking                        bin/ssp_11xx.o
                                                  bin/mcp2515.o
                                                  bin/ltc6804.o
                                                  bin/lc1024.o
Chip_SSP_ReadFrames_Blocking                      bin/ssp_11xx.o
Chip_SSP_SetBitRate                               bin/ssp_11xx.o
                                                  bin/ltc6804.o
                                                  bin/lc1024.o
Chip_SSP_SetClockRate                             bin/ssp_11xx.o
Chip_SSP_SetMaster                                bin/ssp_11xx.o
                                                  bin/ltc6804.o
                                                  bin/lc1024.o
Chip_SSP_WriteFrames_Blocking                     bin/ssp_11xx.o
                                                  bin/mcp2515.o
                                                  bin/ltc6804.o
                                                  bin/lc1024.o
Chip_SYSCTL_PowerDown                             bin/sysctl_11xx.o
                                                  bin/sysinit_11xx.o
                                                  bin/adc_11xx.o
Chip_SYSCTL_PowerUp                               bin/sysctl_11xx.o
                                                  bin/sysinit_11xx.o
                                                  bin/adc_11xx.o
Chip_SYSCTL_SetDeepSleepPD                        bin/sysctl_11xx.o
Chip_SYSCTL_SetWakeup                             bin/sysctl_11xx.o
Chip_SystemInit                                   bin/sysinit_11xx.o
Chip_TIMER_DeInit                                 bin/timer_11xx.o
Chip_TIMER_ExtMatchControlSet                     bin/timer_11xx.o
Chip_TIMER_Init                                   bin/timer_11xx.o
Chip_TIMER_Reset                                  bin/timer_11xx.o
Chip_UART_DeInit                                  bin/uart_11xx.o
Chip_UART_IRQRBHandler                            bin/uart_11xx.o
Chip_UART_Init                                    bin/uart_11xx.o
                                                  bin/serial.o
Chip_UART_RXIntHandlerRB                          bin/uart_11xx.o
Chip_UART_Read                                    bin/uart_11xx.o
Chip_UART_ReadBlocking                            bin/uart_11xx.o
Chip_UART_ReadRB                                  bin/uart_11xx.o
Chip_UART_Send                                    bin/uart_11xx.o
Chip_UART_SendBlocking                            bin/uart_11xx.o
                                                  bin/serial.o
Chip_UART_SendRB                                  bin/uart_11xx.o
Chip_UART_SetBaud                                 bin/uart_11xx.o
                                                  bin/serial.o
Chip_UART_SetBaudFDR                              bin/uart_11xx.o
Chip_UART_TXIntHandlerRB                          bin/uart_11xx.o
Chip_WWDT_ClearStatusFlag                         bin/wwdt_11xx.o
Chip_WWDT_DeInit                                  bin/wwdt_11xx.o
Chip_WWDT_Init                                    bin/wwdt_11xx.o
Convert_To_CAN_Error                              bin/can.o
Default_Handler                                   bin/startup_LPC11xx.o
HardFault_Handler                                 bin/startup_LPC11xx.o
I2C_IRQHandler                                    bin/startup_LPC11xx.o
LC1024_Init                                       bin/lc1024.o
LC1024_ReadMem                                    bin/lc1024.o
LC1024_ReadStatusReg                              bin/lc1024.o
LC1024_WriteDisable                               bin/lc1024.o
LC1024_WriteEnable                                bin/lc1024.o
LC1024_WriteMem                                   bin/lc1024.o
LTC6804_CVST                                      bin/ltc6804.o
LTC6804_ClearCellVoltages                         bin/ltc6804.o
LTC6804_GetCellVoltages                           bin/ltc6804.o
LTC6804_GetGPIOVoltages                           bin/ltc6804.o
LTC6804_Init                                      bin/ltc6804.o
LTC6804_OpenWireTest                              bin/ltc6804.o
LTC6804_SetGPIOState                              bin/ltc6804.o
LTC6804_UpdateBalanceStates                       bin/ltc6804.o
LTC6804_VerifyCFG                                 bin/ltc6804.o
LTC6804_WriteCFG                                  bin/ltc6804.o
MBB_DecodeExt                                     bin/a123mbb.o
MBB_DecodeStd                                     bin/a123mbb.o
MBB_MakeCMD                                       bin/a123mbb.o
MCP2515_BitModify                                 bin/mcp2515.o
MCP2515_GetEmptyTransmitBuffer                    bin/mcp2515.o
MCP2515_GetFullReceiveBuffer                      bin/mcp2515.o
MCP2515_Init                                      bin/mcp2515.o
MCP2515_LoadBuffer                                bin/mcp2515.o
MCP2515_LoadBufferData                            bin/mcp2515.o
MCP2515_Mode                                      bin/mcp2515.o
MCP2515_Read                                      bin/mcp2515.o
MCP2515_ReadBuffer                                bin/mcp2515.o
MCP2515_Reset                                     bin/mcp2515.o
MCP2515_SendBuffer                                bin/mcp2515.o
MCP2515_SetBitRate                                bin/mcp2515.o
MCP2515_Write                                     bin/mcp2515.o
NMI_Handler                                       bin/startup_LPC11xx.o
OscRateIn                                         bin/main.o
                                                  bin/clock_11xx.o
PIOINT0_IRQHandler                                bin/startup_LPC11xx.o
PIOINT1_IRQHandler                                bin/startup_LPC11xx.o
PIOINT2_IRQHandler                                bin/startup_LPC11xx.o
PIOINT3_IRQHandler                                bin/startup_LPC11xx.o
PendSV_Handler                                    bin/startup_LPC11xx.o
Reset_Handler                                     bin/startup_LPC11xx.o
RingBuffer_Init                                   bin/ring_buffer.o
                                                  bin/can.o
RingBuffer_Insert                                 bin/ring_buffer.o
                                                  bin/can.o
                                                  bin/uart_11xx.o
RingBuffer_InsertMult                             bin/ring_buffer.o
                                                  bin/uart_11xx.o
RingBuffer_Pop                                    bin/ring_buffer.o
                                                  bin/can.o
                                                  bin/uart_11xx.o
RingBuffer_PopMult                                bin/ring_buffer.o
                                                  bin/uart_11xx.o
SSP0_IRQHandler                                   bin/startup_LPC11xx.o
SSP1_IRQHandler                                   bin/startup_LPC11xx.o
SVC_Handler                                       bin/startup_LPC11xx.o
Serial_Init                                       bin/serial.o
                                                  bin/main.o
Serial_Print                                      bin/serial.o
                                                  bin/main.o
Serial_PrintNumber                                bin/serial.o
Serial_Print_Void                                 bin/serial.o
Serial_Println                                    bin/serial.o
                                                  bin/main.o
Serial_PrintlnNumber                              bin/serial.o
SysTick_Handler                                   bin/main.o
                                                  bin/startup_LPC11xx.o
SystemCoreClock                                   bin/sysinit.o
                                                  bin/chip_11xx.o
                                                  bin/main.o
                                                  bin/i2c_11xx.o
SystemCoreClockUpdate                             bin/chip_11xx.o
                                                  bin/main.o
SystemInit                                        bin/sysinit.o
                                                  bin/startup_LPC11xx.o
TIMER16_0_IRQHandler                              bin/startup_LPC11xx.o
TIMER16_1_IRQHandler                              bin/startup_LPC11xx.o
TIMER32_0_IRQHandler                              bin/startup_LPC11xx.o
TIMER32_1_IRQHandler                              bin/startup_LPC11xx.o
TicksPerMS                                        bin/sysinit.o
UART_IRQHandler                                   bin/startup_LPC11xx.o
WAKEUP_IRQHandler                                 bin/startup_LPC11xx.o
WDT_IRQHandler                                    bin/startup_LPC11xx.o
ZeroTxBuf                                         bin/lc1024.o
__StackLimit                                      bin/startup_LPC11xx.o
__StackTop                                        bin/startup_LPC11xx.o
__aeabi_cdcmpeq                                   /usr/local/Cellar/gcc-arm-none-eabi/20150925/bin/../lib/gcc/arm-none-eabi/4.9.3/armv6-m/libgcc.a(_arm_cmpdf2.o)
__aeabi_cdcmple                                   /usr/local/Cellar/gcc-arm-none-eabi/20150925/bin/../lib/gcc/arm-none-eabi/4.9.3/armv6-m/libgcc.a(_arm_cmpdf2.o)
__aeabi_cdrcmple                                  /usr/local/Cellar/gcc-arm-none-eabi/20150925/bin/../lib/gcc/arm-none-eabi/4.9.3/armv6-m/libgcc.a(_arm_cmpdf2.o)
__aeabi_d2iz                                      /usr/local/Cellar/gcc-arm-none-eabi/20150925/bin/../lib/gcc/arm-none-eabi/4.9.3/armv6-m/libgcc.a(fixdfsi.o)
                                                  /usr/local/Cellar/gcc-arm-none-eabi/20150925/bin/../lib/gcc/arm-none-eabi/4.9.3/armv6-m/libgcc.a(_fixunsdfsi.o)
__aeabi_d2uiz                                     /usr/local/Cellar/gcc-arm-none-eabi/20150925/bin/../lib/gcc/arm-none-eabi/4.9.3/armv6-m/libgcc.a(_fixunsdfsi.o)
                                                  bin/mcp2515.o
__aeabi_dcmpeq                                    /usr/local/Cellar/gcc-arm-none-eabi/20150925/bin/../lib/gcc/arm-none-eabi/4.9.3/armv6-m/libgcc.a(_arm_cmpdf2.o)
__aeabi_dcmpge                                    /usr/local/Cellar/gcc-arm-none-eabi/20150925/bin/../lib/gcc/arm-none-eabi/4.9.3/armv6-m/libgcc.a(_arm_cmpdf2.o)
                                                  /usr/local/Cellar/gcc-arm-none-eabi/20150925/bin/../lib/gcc/arm-none-eabi/4.9.3/armv6-m/libgcc.a(_fixunsdfsi.o)
__aeabi_dcmpgt                                    /usr/local/Cellar/gcc-arm-none-eabi/20150925/bin/../lib/gcc/arm-none-eabi/4.9.3/armv6-m/libgcc.a(_arm_cmpdf2.o)
__aeabi_dcmple                                    /usr/local/Cellar/gcc-arm-none-eabi/20150925/bin/../lib/gcc/arm-none-eabi/4.9.3/armv6-m/libgcc.a(_arm_cmpdf2.o)
__aeabi_dcmplt                                    /usr/local/Cellar/gcc-arm-none-eabi/20150925/bin/../lib/gcc/arm-none-eabi/4.9.3/armv6-m/libgcc.a(_arm_cmpdf2.o)
__aeabi_dmul                                      /usr/local/Cellar/gcc-arm-none-eabi/20150925/bin/../lib/gcc/arm-none-eabi/4.9.3/armv6-m/libgcc.a(muldf3.o)
                                                  bin/mcp2515.o
__aeabi_dsub                                      /usr/local/Cellar/gcc-arm-none-eabi/20150925/bin/../lib/gcc/arm-none-eabi/4.9.3/armv6-m/libgcc.a(subdf3.o)
                                                  /usr/local/Cellar/gcc-arm-none-eabi/20150925/bin/../lib/gcc/arm-none-eabi/4.9.3/armv6-m/libgcc.a(_fixunsdfsi.o)
__aeabi_i2d                                       /usr/local/Cellar/gcc-arm-none-eabi/20150925/bin/../lib/gcc/arm-none-eabi/4.9.3/armv6-m/libgcc.a(floatsidf.o)
                                                  bin/mcp2515.o
__aeabi_idiv0                                     /usr/local/Cellar/gcc-arm-none-eabi/20150925/bin/../lib/gcc/arm-none-eabi/4.9.3/armv6-m/libgcc.a(_dvmd_tls.o)
                                                  /usr/local/Cellar/gcc-arm-none-eabi/20150925/bin/../lib/gcc/arm-none-eabi/4.9.3/armv6-m/libgcc.a(_udivsi3.o)
__aeabi_ldiv0                                     /usr/local/Cellar/gcc-arm-none-eabi/20150925/bin/../lib/gcc/arm-none-eabi/4.9.3/armv6-m/libgcc.a(_dvmd_tls.o)
                                                  /usr/local/Cellar/gcc-arm-none-eabi/20150925/bin/../lib/gcc/arm-none-eabi/4.9.3/armv6-m/libgcc.a(_aeabi_uldivmod.o)
__aeabi_lmul                                      /usr/local/Cellar/gcc-arm-none-eabi/20150925/bin/../lib/gcc/arm-none-eabi/4.9.3/armv6-m/libgcc.a(_muldi3.o)
                                                  /usr/local/Cellar/gcc-arm-none-eabi/20150925/bin/../lib/gcc/arm-none-eabi/4.9.3/armv6-m/libgcc.a(bpabi.o)
__aeabi_uidiv                                     /usr/local/Cellar/gcc-arm-none-eabi/20150925/bin/../lib/gcc/arm-none-eabi/4.9.3/armv6-m/libgcc.a(_udivsi3.o)
                                                  /usr/local/Cellar/gcc-arm-none-eabi/20150925/bin/../lib/gcc/arm-none-eabi/4.9.3/../../../../arm-none-eabi/lib/armv6-m/libg.a(lib_a-utoa.o)
                                                  bin/main.o
                                                  bin/mcp2515.o
                                                  bin/ltc6804.o
                                                  bin/can.o
                                                  bin/brusa.o
                                                  bin/uart_11xx.o
                                                  bin/ssp_11xx.o
                                                  bin/i2c_11xx.o
                                                  bin/clock_11xx.o
                                                  bin/adc_11xx.o
__aeabi_uidivmod                                  /usr/local/Cellar/gcc-arm-none-eabi/20150925/bin/../lib/gcc/arm-none-eabi/4.9.3/armv6-m/libgcc.a(_udivsi3.o)
                                                  /usr/local/Cellar/gcc-arm-none-eabi/20150925/bin/../lib/gcc/arm-none-eabi/4.9.3/../../../../arm-none-eabi/lib/armv6-m/libg.a(lib_a-utoa.o)
                                                  bin/uart_11xx.o
                                                  bin/ring_buffer.o
__aeabi_uldivmod                                  /usr/local/Cellar/gcc-arm-none-eabi/20150925/bin/../lib/gcc/arm-none-eabi/4.9.3/armv6-m/libgcc.a(_aeabi_uldivmod.o)
                                                  bin/mcp2515.o
__bss_end__                                       bin/startup_LPC11xx.o
__bss_start__                                     bin/startup_LPC11xx.o
__clzdi2                                          /usr/local/Cellar/gcc-arm-none-eabi/20150925/bin/../lib/gcc/arm-none-eabi/4.9.3/armv6-m/libgcc.a(_clzdi2.o)
                                                  /usr/local/Cellar/gcc-arm-none-eabi/20150925/bin/../lib/gcc/arm-none-eabi/4.9.3/armv6-m/libgcc.a(_udivdi3.o)
                                                  /usr/local/Cellar/gcc-arm-none-eabi/20150925/bin/../lib/gcc/arm-none-eabi/4.9.3/armv6-m/libgcc.a(_divdi3.o)
__clzsi2                                          /usr/local/Cellar/gcc-arm-none-eabi/20150925/bin/../lib/gcc/arm-none-eabi/4.9.3/armv6-m/libgcc.a(_clzsi2.o)
                                                  /usr/local/Cellar/gcc-arm-none-eabi/20150925/bin/../lib/gcc/arm-none-eabi/4.9.3/armv6-m/libgcc.a(_clzdi2.o)
                                                  /usr/local/Cellar/gcc-arm-none-eabi/20150925/bin/../lib/gcc/arm-none-eabi/4.9.3/armv6-m/libgcc.a(floatsidf.o)
                                                  /usr/local/Cellar/gcc-arm-none-eabi/20150925/bin/../lib/gcc/arm-none-eabi/4.9.3/armv6-m/libgcc.a(subdf3.o)
                                                  /usr/local/Cellar/gcc-arm-none-eabi/20150925/bin/../lib/gcc/arm-none-eabi/4.9.3/armv6-m/libgcc.a(muldf3.o)
__divdi3                                          /usr/local/Cellar/gcc-arm-none-eabi/20150925/bin/../lib/gcc/arm-none-eabi/4.9.3/armv6-m/libgcc.a(_divdi3.o)
                                                  /usr/local/Cellar/gcc-arm-none-eabi/20150925/bin/../lib/gcc/arm-none-eabi/4.9.3/armv6-m/libgcc.a(bpabi.o)
__eqdf2                                           /usr/local/Cellar/gcc-arm-none-eabi/20150925/bin/../lib/gcc/arm-none-eabi/4.9.3/armv6-m/libgcc.a(eqdf2.o)
                                                  /usr/local/Cellar/gcc-arm-none-eabi/20150925/bin/../lib/gcc/arm-none-eabi/4.9.3/armv6-m/libgcc.a(_arm_cmpdf2.o)
__fixunsdfsi                                      /usr/local/Cellar/gcc-arm-none-eabi/20150925/bin/../lib/gcc/arm-none-eabi/4.9.3/armv6-m/libgcc.a(_fixunsdfsi.o)
__gedf2                                           /usr/local/Cellar/gcc-arm-none-eabi/20150925/bin/../lib/gcc/arm-none-eabi/4.9.3/armv6-m/libgcc.a(gedf2.o)
                                                  /usr/local/Cellar/gcc-arm-none-eabi/20150925/bin/../lib/gcc/arm-none-eabi/4.9.3/armv6-m/libgcc.a(_arm_cmpdf2.o)
__gnu_ldivmod_helper                              /usr/local/Cellar/gcc-arm-none-eabi/20150925/bin/../lib/gcc/arm-none-eabi/4.9.3/armv6-m/libgcc.a(bpabi.o)
__gnu_uldivmod_helper                             /usr/local/Cellar/gcc-arm-none-eabi/20150925/bin/../lib/gcc/arm-none-eabi/4.9.3/armv6-m/libgcc.a(bpabi.o)
                                                  /usr/local/Cellar/gcc-arm-none-eabi/20150925/bin/../lib/gcc/arm-none-eabi/4.9.3/armv6-m/libgcc.a(_aeabi_uldivmod.o)
__gtdf2                                           /usr/local/Cellar/gcc-arm-none-eabi/20150925/bin/../lib/gcc/arm-none-eabi/4.9.3/armv6-m/libgcc.a(gedf2.o)
__isr_vector                                      bin/startup_LPC11xx.o
__itoa                                            /usr/local/Cellar/gcc-arm-none-eabi/20150925/bin/../lib/gcc/arm-none-eabi/4.9.3/../../../../arm-none-eabi/lib/armv6-m/libg.a(lib_a-itoa.o)
__ledf2                                           /usr/local/Cellar/gcc-arm-none-eabi/20150925/bin/../lib/gcc/arm-none-eabi/4.9.3/armv6-m/libgcc.a(ledf2.o)
                                                  /usr/local/Cellar/gcc-arm-none-eabi/20150925/bin/../lib/gcc/arm-none-eabi/4.9.3/armv6-m/libgcc.a(_arm_cmpdf2.o)
__ltdf2                                           /usr/local/Cellar/gcc-arm-none-eabi/20150925/bin/../lib/gcc/arm-none-eabi/4.9.3/armv6-m/libgcc.a(ledf2.o)
__muldi3                                          /usr/local/Cellar/gcc-arm-none-eabi/20150925/bin/../lib/gcc/arm-none-eabi/4.9.3/armv6-m/libgcc.a(_muldi3.o)
__nedf2                                           /usr/local/Cellar/gcc-arm-none-eabi/20150925/bin/../lib/gcc/arm-none-eabi/4.9.3/armv6-m/libgcc.a(eqdf2.o)
__reverse                                         bin/util.o
__udivdi3                                         /usr/local/Cellar/gcc-arm-none-eabi/20150925/bin/../lib/gcc/arm-none-eabi/4.9.3/armv6-m/libgcc.a(_udivdi3.o)
                                                  /usr/local/Cellar/gcc-arm-none-eabi/20150925/bin/../lib/gcc/arm-none-eabi/4.9.3/armv6-m/libgcc.a(bpabi.o)
__udivsi3                                         /usr/local/Cellar/gcc-arm-none-eabi/20150925/bin/../lib/gcc/arm-none-eabi/4.9.3/armv6-m/libgcc.a(_udivsi3.o)
__utoa                                            /usr/local/Cellar/gcc-arm-none-eabi/20150925/bin/../lib/gcc/arm-none-eabi/4.9.3/../../../../arm-none-eabi/lib/armv6-m/libg.a(lib_a-utoa.o)
                                                  /usr/local/Cellar/gcc-arm-none-eabi/20150925/bin/../lib/gcc/arm-none-eabi/4.9.3/../../../../arm-none-eabi/lib/armv6-m/libg.a(lib_a-itoa.o)
_calculate_pec                                    bin/ltc6804.o
_check_owt                                        bin/ltc6804.o
_check_st_results                                 bin/ltc6804.o
_command                                          bin/ltc6804.o
_cs_gpio                                          bin/mcp2515.o
_cs_pin                                           bin/mcp2515.o
_int_gpio                                         bin/mcp2515.o
_int_pin                                          bin/mcp2515.o
_read                                             bin/ltc6804.o
_rx_buffer                                        bin/can.o
_set_balance_states                               bin/ltc6804.o
_tx_buffer                                        bin/can.o
_wake                                             bin/ltc6804.o
_write                                            bin/ltc6804.o
data_transfer                                     bin/MY17_Can_Library.o
divu10                                            bin/ltc6804.o
from_bitstring                                    bin/MY17_Can_Library.o
getSlaveIndex                                     bin/i2c_11xx.o
handleMasterXferState                             bin/i2c_11xx.o
handleSlaveXferState                              bin/i2c_11xx.o
itoa                                              /usr/local/Cellar/gcc-arm-none-eabi/20150925/bin/../lib/gcc/arm-none-eabi/4.9.3/../../../../arm-none-eabi/lib/armv6-m/libg.a(lib_a-itoa.o)
                                                  bin/serial.o
main                                              bin/main.o
                                                  bin/startup_LPC11xx.o
memcpy                                            /usr/local/Cellar/gcc-arm-none-eabi/20150925/bin/../lib/gcc/arm-none-eabi/4.9.3/../../../../arm-none-eabi/lib/armv6-m/libg.a(lib_a-memcpy.o)
                                                  bin/ltc6804.o
                                                  bin/lc1024.o
                                                  bin/ring_buffer.o
memset                                            /usr/local/Cellar/gcc-arm-none-eabi/20150925/bin/../lib/gcc/arm-none-eabi/4.9.3/../../../../arm-none-eabi/lib/armv6-m/libg.a(lib_a-memset.o)
                                                  bin/ltc6804.o
msTicks                                           bin/main.o
msg_obj                                           bin/can.o
readAdcVal                                        bin/adc_11xx.o
setStartMode                                      bin/adc_11xx.o
strlen                                            /usr/local/Cellar/gcc-arm-none-eabi/20150925/bin/../lib/gcc/arm-none-eabi/4.9.3/../../../../arm-none-eabi/lib/armv6-m/libg.a(lib_a-strlen.o)
                                                  bin/serial.o
swap_int16                                        bin/MY17_Can_Library.o
swap_int32                                        bin/MY17_Can_Library.o
swap_uint16                                       bin/MY17_Can_Library.o
swap_uint32                                       bin/MY17_Can_Library.o
tmp_msg_obj                                       bin/can.o
tmp_msg_obj_2                                     bin/can.o
to_bitstring                                      bin/MY17_Can_Library.o
                                                  bin/MY17_Can_Library_Test.o
utoa                                              /usr/local/Cellar/gcc-arm-none-eabi/20150925/bin/../lib/gcc/arm-none-eabi/4.9.3/../../../../arm-none-eabi/lib/armv6-m/libg.a(lib_a-utoa.o)
